../Core/Src/main.c:91:5:main	8	static
../Core/Src/main.c:154:6:SystemClock_Config	88	static
../Core/Src/main.c:201:13:MX_ADC1_Init	24	static
../Core/Src/main.c:253:13:MX_SPI2_Init	8	static
../Core/Src/main.c:291:13:MX_TIM2_Init	32	static
../Core/Src/main.c:336:13:MX_USART2_UART_Init	8	static
../Core/Src/main.c:369:13:MX_GPIO_Init	48	static
../Core/Src/main.c:417:6:loop	32	static
../Core/Src/main.c:482:6:testing_screen	24	static
../Core/Src/main.c:487:6:Out_Fix	48	static
../Core/Src/main.c:523:6:Out_Dec	64	static
../Core/Src/main.c:582:6:Error_Handler	4	static,ignoring_inline_asm
