../Core/Src/main.c:90:5:main	8	static
../Core/Src/main.c:151:6:SystemClock_Config	88	static
../Core/Src/main.c:198:13:MX_ADC1_Init	24	static
../Core/Src/main.c:250:13:MX_SPI2_Init	8	static
../Core/Src/main.c:288:13:MX_TIM2_Init	32	static
../Core/Src/main.c:333:13:MX_USART2_UART_Init	8	static
../Core/Src/main.c:366:13:MX_GPIO_Init	48	static
../Core/Src/main.c:414:6:loop	32	static
../Core/Src/main.c:479:6:testing_screen	24	static
../Core/Src/main.c:484:6:Out_Fix	48	static
../Core/Src/main.c:520:6:Out_Dec	64	static
../Core/Src/main.c:579:6:Error_Handler	4	static,ignoring_inline_asm
