../Core/st7735/st7735.c:89:13:ST7735_Select	8	static
../Core/st7735/st7735.c:93:6:ST7735_Unselect	8	static
../Core/st7735/st7735.c:97:13:ST7735_Reset	8	static
../Core/st7735/st7735.c:103:13:ST7735_WriteCommand	16	static
../Core/st7735/st7735.c:108:13:ST7735_WriteData	16	static
../Core/st7735/st7735.c:113:13:ST7735_ExecuteCommandList	24	static
../Core/st7735/st7735.c:139:13:ST7735_SetAddressWindow	32	static
../Core/st7735/st7735.c:155:6:ST7735_Init	8	static
../Core/st7735/st7735.c:164:6:ST7735_DrawPixel	24	static
../Core/st7735/st7735.c:177:13:ST7735_WriteChar	48	static
../Core/st7735/st7735.c:213:6:ST7735_WriteString	32	static
../Core/st7735/st7735.c:239:6:ST7735_FillRectangle	32	static
../Core/st7735/st7735.c:259:6:ST7735_FillRectangleFast	32	static
../Core/st7735/st7735.c:282:6:ST7735_FillScreen	24	static
../Core/st7735/st7735.c:286:6:ST7735_FillScreenFast	24	static
../Core/st7735/st7735.c:290:6:ST7735_DrawImage	24	static
../Core/st7735/st7735.c:301:6:ST7735_InvertColors	16	static
../Core/st7735/st7735.c:307:6:ST7735_SetGamma	16	static
